// Jest Snapshot v1, https://goo.gl/fbAQLP

exports[`unit testing for the userList Component visual snapshot testing render userlist component 1`] = `
<div>
  <div
    class="grid"
  >
    <div
      class="card"
    >
      <h3>
        sam
      </h3>
      <p
        data-testid="phone"
      >
        Phone: 
        012345
      </p>
      <p
        data-testid="address"
      >
        Address: 
        add
      </p>
      <p
        data-testid="email"
      >
        Email: 
        sam@gmail
      </p>
    </div>
  </div>
</div>
`;
